

Working Directory = /afs/ece.cmu.edu/usr/acli/Private/18743/SYNTH/mem_group_share
QoS Summary for mem_group_share
================================================================================
Metric                          final          
================================================================================
Slack (ps):                    15,388
  R2R (ps):                    19,162
  I2R (ps):                    17,518
  R2O (ps):                    16,854
  I2O (ps):                    15,388
  CG  (ps):                  no_value
TNS (ps):                           0
  R2R (ps):                         0
  I2R (ps):                         0
  R2O (ps):                         0
  I2O (ps):                         0
  CG  (ps):                  no_value
Failing Paths:                      0
Cell Area:                      6,847
Total Cell Area:                6,847
Leaf Instances:                 3,251
Total Instances:                3,251
Utilization (%):                 0.00
Tot. Net Length (um):        no_value
Avg. Net Length (um):        no_value
Route Overflow H (%):        no_value
Route Overflow V (%):        no_value
MBCI(%) (bits/gate) :            0.00
Norm Cong Hotspot Area:
  Max Cong:                  no_value
  Tot Cong:                  no_value
================================================================================
CPU  Runtime (h:m:s):        00:01:15
Real Runtime (h:m:s):        00:00:49
CPU  Elapsed (h:m:s):        00:01:19
Real Elapsed (h:m:s):        00:00:50
Memory (MB):                   861.99
================================================================================
================================================================================
Flow Settings:
================================================================================
Total Runtime (h:m:s): 00:00:50
Total Memory (MB):     861.99
Executable Version:    18.14-s037_1
================================================================================
Total Cell Area =  Cell Area + Physical Cell Area
Total Instances =  Leaf Instances + Physical Instances


